// Vitest Snapshot v1

exports[`kitchen-sink 1`] = `
{
  "documentTypeDefMap": {},
  "hash": "NOT_USED",
  "nestedTypeDefMap": {},
}
`;

exports[`next-starter 1`] = `
{
  "documentTypeDefMap": {},
  "hash": "NOT_USED",
  "nestedTypeDefMap": {},
}
`;

exports[`small-business 1`] = `
{
  "documentTypeDefMap": {},
  "hash": "NOT_USED",
  "nestedTypeDefMap": {},
}
`;
